------------------------------------------------------------
TimeQuest Timing Analyzer Summary
------------------------------------------------------------

Type  : Slow 1100mV 85C Model Setup 'clock'
Slack : -2.277
TNS   : -60.800

Type  : Slow 1100mV 85C Model Hold 'clock'
Slack : 0.386
TNS   : 0.000

Type  : Slow 1100mV 85C Model Minimum Pulse Width 'clock'
Slack : -0.394
TNS   : -15.180

Type  : Slow 1100mV 0C Model Setup 'clock'
Slack : -2.237
TNS   : -59.992

Type  : Slow 1100mV 0C Model Hold 'clock'
Slack : 0.383
TNS   : 0.000

Type  : Slow 1100mV 0C Model Minimum Pulse Width 'clock'
Slack : -0.394
TNS   : -16.660

Type  : Fast 1100mV 85C Model Setup 'clock'
Slack : -0.915
TNS   : -23.100

Type  : Fast 1100mV 85C Model Hold 'clock'
Slack : 0.203
TNS   : 0.000

Type  : Fast 1100mV 85C Model Minimum Pulse Width 'clock'
Slack : -0.078
TNS   : -2.208

Type  : Fast 1100mV 0C Model Setup 'clock'
Slack : -0.764
TNS   : -19.043

Type  : Fast 1100mV 0C Model Hold 'clock'
Slack : 0.192
TNS   : 0.000

Type  : Fast 1100mV 0C Model Minimum Pulse Width 'clock'
Slack : -0.077
TNS   : -2.181

------------------------------------------------------------
