------------------------------------------------------------
TimeQuest Timing Analyzer Summary
------------------------------------------------------------

Type  : Slow 1100mV 85C Model Setup 'clk'
Slack : 14.440
TNS   : 0.000

Type  : Slow 1100mV 85C Model Hold 'clk'
Slack : 0.440
TNS   : 0.000

Type  : Slow 1100mV 85C Model Minimum Pulse Width 'clk'
Slack : 9.306
TNS   : 0.000

Type  : Slow 1100mV 0C Model Setup 'clk'
Slack : 14.421
TNS   : 0.000

Type  : Slow 1100mV 0C Model Hold 'clk'
Slack : 0.448
TNS   : 0.000

Type  : Slow 1100mV 0C Model Minimum Pulse Width 'clk'
Slack : 9.199
TNS   : 0.000

Type  : Fast 1100mV 85C Model Setup 'clk'
Slack : 17.209
TNS   : 0.000

Type  : Fast 1100mV 85C Model Hold 'clk'
Slack : 0.196
TNS   : 0.000

Type  : Fast 1100mV 85C Model Minimum Pulse Width 'clk'
Slack : 9.408
TNS   : 0.000

Type  : Fast 1100mV 0C Model Setup 'clk'
Slack : 17.427
TNS   : 0.000

Type  : Fast 1100mV 0C Model Hold 'clk'
Slack : 0.188
TNS   : 0.000

Type  : Fast 1100mV 0C Model Minimum Pulse Width 'clk'
Slack : 9.412
TNS   : 0.000

------------------------------------------------------------
